<html>
<body>
<pre>
<h1>礦ision Build Log</h1>
<h2>Project:</h2>
C:\Users\Administrator.GS3P6GZ6NXM95GN\Desktop\新建文件夹\Project\AIS_AtoN.uvproj
Project File Date:  07/25/2014

<h2>Output:</h2>
Build target 'Target 1'
assembling startup_stm32f10x_md.s...
compiling adc.c...
E:\keil4\ARM\Inc\ST\STM32F10x\stm32f10x.h(96): error:  #35: #error directive: "Please select first the target STM32F10x device used in your application (in stm32f10x.h file)"
compiling charge.c...
E:\keil4\ARM\Inc\ST\STM32F10x\stm32f10x.h(96): error:  #35: #error directive: "Please select first the target STM32F10x device used in your application (in stm32f10x.h file)"
compiling config.c...
E:\keil4\ARM\Inc\ST\STM32F10x\stm32f10x.h(96): error:  #35: #error directive: "Please select first the target STM32F10x device used in your application (in stm32f10x.h file)"
compiling exti.c...
E:\keil4\ARM\Inc\ST\STM32F10x\stm32f10x.h(96): error:  #35: #error directive: "Please select first the target STM32F10x device used in your application (in stm32f10x.h file)"
compiling flashwr.c...
E:\keil4\ARM\Inc\ST\STM32F10x\stm32f10x.h(96): error:  #35: #error directive: "Please select first the target STM32F10x device used in your application (in stm32f10x.h file)"
compiling gps.c...
E:\keil4\ARM\Inc\ST\STM32F10x\stm32f10x.h(96): error:  #35: #error directive: "Please select first the target STM32F10x device used in your application (in stm32f10x.h file)"
compiling gps_algorithm.c...
E:\keil4\ARM\Inc\ST\STM32F10x\stm32f10x.h(96): error:  #35: #error directive: "Please select first the target STM32F10x device used in your application (in stm32f10x.h file)"
compiling main.c...
E:\keil4\ARM\Inc\ST\STM32F10x\stm32f10x.h(96): error:  #35: #error directive: "Please select first the target STM32F10x device used in your application (in stm32f10x.h file)"
compiling mkmsg.c...
E:\keil4\ARM\Inc\ST\STM32F10x\stm32f10x.h(96): error:  #35: #error directive: "Please select first the target STM32F10x device used in your application (in stm32f10x.h file)"
compiling msg_slot.c...
E:\keil4\ARM\Inc\ST\STM32F10x\stm32f10x.h(96): error:  #35: #error directive: "Please select first the target STM32F10x device used in your application (in stm32f10x.h file)"
compiling rtc.c...
E:\keil4\ARM\Inc\ST\STM32F10x\stm32f10x.h(96): error:  #35: #error directive: "Please select first the target STM32F10x device used in your application (in stm32f10x.h file)"
compiling SKY72310.c...
E:\keil4\ARM\Inc\ST\STM32F10x\stm32f10x.h(96): error:  #35: #error directive: "Please select first the target STM32F10x device used in your application (in stm32f10x.h file)"
compiling stm32f10x_it.c...
E:\keil4\ARM\Inc\ST\STM32F10x\stm32f10x.h(96): error:  #35: #error directive: "Please select first the target STM32F10x device used in your application (in stm32f10x.h file)"
compiling timer.c...
E:\keil4\ARM\Inc\ST\STM32F10x\stm32f10x.h(96): error:  #35: #error directive: "Please select first the target STM32F10x device used in your application (in stm32f10x.h file)"
compiling usart1.c...
E:\keil4\ARM\Inc\ST\STM32F10x\stm32f10x.h(96): error:  #35: #error directive: "Please select first the target STM32F10x device used in your application (in stm32f10x.h file)"
compiling usart2.c...
E:\keil4\ARM\Inc\ST\STM32F10x\stm32f10x.h(96): error:  #35: #error directive: "Please select first the target STM32F10x device used in your application (in stm32f10x.h file)"
compiling usart3.c...
E:\keil4\ARM\Inc\ST\STM32F10x\stm32f10x.h(96): error:  #35: #error directive: "Please select first the target STM32F10x device used in your application (in stm32f10x.h file)"
compiling misc.c...
..\FWlib\src\misc.c(22): error:  #5: cannot open source input file "misc.h": No such file or directory
compiling stm32f10x_exti.c...
..\FWlib\src\stm32f10x_exti.c(22): error:  #5: cannot open source input file "stm32f10x_exti.h": No such file or directory
compiling stm32f10x_flash.c...
..\FWlib\src\stm32f10x_flash.c(22): error:  #5: cannot open source input file "stm32f10x_flash.h": No such file or directory
compiling stm32f10x_gpio.c...
..\FWlib\src\stm32f10x_gpio.c(22): error:  #5: cannot open source input file "stm32f10x_gpio.h": No such file or directory
compiling stm32f10x_pwr.c...
..\FWlib\src\stm32f10x_pwr.c(22): error:  #5: cannot open source input file "stm32f10x_pwr.h": No such file or directory
compiling stm32f10x_rcc.c...
..\FWlib\src\stm32f10x_rcc.c(22): error:  #5: cannot open source input file "stm32f10x_rcc.h": No such file or directory
compiling stm32f10x_rtc.c...
..\FWlib\src\stm32f10x_rtc.c(22): error:  #5: cannot open source input file "stm32f10x_rtc.h": No such file or directory
compiling stm32f10x_spi.c...
..\FWlib\src\stm32f10x_spi.c(22): error:  #5: cannot open source input file "stm32f10x_spi.h": No such file or directory
compiling stm32f10x_tim.c...
..\FWlib\src\stm32f10x_tim.c(22): error:  #5: cannot open source input file "stm32f10x_tim.h": No such file or directory
compiling stm32f10x_usart.c...
..\FWlib\src\stm32f10x_usart.c(22): error:  #5: cannot open source input file "stm32f10x_usart.h": No such file or directory
compiling stm32f10x_bkp.c...
..\FWlib\src\stm32f10x_bkp.c(22): error:  #5: cannot open source input file "stm32f10x_bkp.h": No such file or directory
compiling core_cm3.c...
compiling system_stm32f10x.c...
Target not created
Build target 'Target 1'
compiling adc.c...
E:\keil4\ARM\Inc\ST\STM32F10x\stm32f10x.h(96): error:  #35: #error directive: "Please select first the target STM32F10x device used in your application (in stm32f10x.h file)"
compiling charge.c...
E:\keil4\ARM\Inc\ST\STM32F10x\stm32f10x.h(96): error:  #35: #error directive: "Please select first the target STM32F10x device used in your application (in stm32f10x.h file)"
compiling config.c...
E:\keil4\ARM\Inc\ST\STM32F10x\stm32f10x.h(96): error:  #35: #error directive: "Please select first the target STM32F10x device used in your application (in stm32f10x.h file)"
compiling exti.c...
E:\keil4\ARM\Inc\ST\STM32F10x\stm32f10x.h(96): error:  #35: #error directive: "Please select first the target STM32F10x device used in your application (in stm32f10x.h file)"
compiling flashwr.c...
E:\keil4\ARM\Inc\ST\STM32F10x\stm32f10x.h(96): error:  #35: #error directive: "Please select first the target STM32F10x device used in your application (in stm32f10x.h file)"
compiling gps.c...
E:\keil4\ARM\Inc\ST\STM32F10x\stm32f10x.h(96): error:  #35: #error directive: "Please select first the target STM32F10x device used in your application (in stm32f10x.h file)"
compiling gps_algorithm.c...
E:\keil4\ARM\Inc\ST\STM32F10x\stm32f10x.h(96): error:  #35: #error directive: "Please select first the target STM32F10x device used in your application (in stm32f10x.h file)"
compiling main.c...
E:\keil4\ARM\Inc\ST\STM32F10x\stm32f10x.h(96): error:  #35: #error directive: "Please select first the target STM32F10x device used in your application (in stm32f10x.h file)"
compiling mkmsg.c...
E:\keil4\ARM\Inc\ST\STM32F10x\stm32f10x.h(96): error:  #35: #error directive: "Please select first the target STM32F10x device used in your application (in stm32f10x.h file)"
compiling msg_slot.c...
E:\keil4\ARM\Inc\ST\STM32F10x\stm32f10x.h(96): error:  #35: #error directive: "Please select first the target STM32F10x device used in your application (in stm32f10x.h file)"
compiling rtc.c...
E:\keil4\ARM\Inc\ST\STM32F10x\stm32f10x.h(96): error:  #35: #error directive: "Please select first the target STM32F10x device used in your application (in stm32f10x.h file)"
compiling SKY72310.c...
E:\keil4\ARM\Inc\ST\STM32F10x\stm32f10x.h(96): error:  #35: #error directive: "Please select first the target STM32F10x device used in your application (in stm32f10x.h file)"
compiling stm32f10x_it.c...
E:\keil4\ARM\Inc\ST\STM32F10x\stm32f10x.h(96): error:  #35: #error directive: "Please select first the target STM32F10x device used in your application (in stm32f10x.h file)"
compiling timer.c...
E:\keil4\ARM\Inc\ST\STM32F10x\stm32f10x.h(96): error:  #35: #error directive: "Please select first the target STM32F10x device used in your application (in stm32f10x.h file)"
compiling usart1.c...
E:\keil4\ARM\Inc\ST\STM32F10x\stm32f10x.h(96): error:  #35: #error directive: "Please select first the target STM32F10x device used in your application (in stm32f10x.h file)"
compiling usart2.c...
E:\keil4\ARM\Inc\ST\STM32F10x\stm32f10x.h(96): error:  #35: #error directive: "Please select first the target STM32F10x device used in your application (in stm32f10x.h file)"
compiling usart3.c...
E:\keil4\ARM\Inc\ST\STM32F10x\stm32f10x.h(96): error:  #35: #error directive: "Please select first the target STM32F10x device used in your application (in stm32f10x.h file)"
compiling misc.c...
..\FWlib\src\misc.c(22): error:  #5: cannot open source input file "misc.h": No such file or directory
compiling stm32f10x_exti.c...
..\FWlib\src\stm32f10x_exti.c(22): error:  #5: cannot open source input file "stm32f10x_exti.h": No such file or directory
compiling stm32f10x_flash.c...
..\FWlib\src\stm32f10x_flash.c(22): error:  #5: cannot open source input file "stm32f10x_flash.h": No such file or directory
compiling stm32f10x_gpio.c...
..\FWlib\src\stm32f10x_gpio.c(22): error:  #5: cannot open source input file "stm32f10x_gpio.h": No such file or directory
compiling stm32f10x_pwr.c...
..\FWlib\src\stm32f10x_pwr.c(22): error:  #5: cannot open source input file "stm32f10x_pwr.h": No such file or directory
compiling stm32f10x_rcc.c...
..\FWlib\src\stm32f10x_rcc.c(22): error:  #5: cannot open source input file "stm32f10x_rcc.h": No such file or directory
compiling stm32f10x_rtc.c...
..\FWlib\src\stm32f10x_rtc.c(22): error:  #5: cannot open source input file "stm32f10x_rtc.h": No such file or directory
compiling stm32f10x_spi.c...
..\FWlib\src\stm32f10x_spi.c(22): error:  #5: cannot open source input file "stm32f10x_spi.h": No such file or directory
compiling stm32f10x_tim.c...
..\FWlib\src\stm32f10x_tim.c(22): error:  #5: cannot open source input file "stm32f10x_tim.h": No such file or directory
compiling stm32f10x_usart.c...
..\FWlib\src\stm32f10x_usart.c(22): error:  #5: cannot open source input file "stm32f10x_usart.h": No such file or directory
compiling stm32f10x_bkp.c...
..\FWlib\src\stm32f10x_bkp.c(22): error:  #5: cannot open source input file "stm32f10x_bkp.h": No such file or directory
compiling core_cm3.c...
compiling system_stm32f10x.c...
Target not created
Build target 'Target 1'
compiling adc.c...
..\Source\stm32f10x_conf.h(27): error:  #5: cannot open source input file "stm32f10x_adc.h": No such file or directory
compiling charge.c...
..\Source\stm32f10x_conf.h(27): error:  #5: cannot open source input file "stm32f10x_adc.h": No such file or directory
compiling config.c...
..\Source\stm32f10x_conf.h(27): error:  #5: cannot open source input file "stm32f10x_adc.h": No such file or directory
compiling exti.c...
..\Source\stm32f10x_conf.h(27): error:  #5: cannot open source input file "stm32f10x_adc.h": No such file or directory
compiling flashwr.c...
..\Source\stm32f10x_conf.h(27): error:  #5: cannot open source input file "stm32f10x_adc.h": No such file or directory
compiling gps.c...
..\Source\stm32f10x_conf.h(27): error:  #5: cannot open source input file "stm32f10x_adc.h": No such file or directory
compiling gps_algorithm.c...
..\Source\stm32f10x_conf.h(27): error:  #5: cannot open source input file "stm32f10x_adc.h": No such file or directory
compiling main.c...
..\Source\stm32f10x_conf.h(27): error:  #5: cannot open source input file "stm32f10x_adc.h": No such file or directory
compiling mkmsg.c...
..\Source\stm32f10x_conf.h(27): error:  #5: cannot open source input file "stm32f10x_adc.h": No such file or directory
compiling msg_slot.c...
..\Source\stm32f10x_conf.h(27): error:  #5: cannot open source input file "stm32f10x_adc.h": No such file or directory
compiling rtc.c...
..\Source\stm32f10x_conf.h(27): error:  #5: cannot open source input file "stm32f10x_adc.h": No such file or directory
compiling SKY72310.c...
..\Source\stm32f10x_conf.h(27): error:  #5: cannot open source input file "stm32f10x_adc.h": No such file or directory
compiling stm32f10x_it.c...
..\Source\stm32f10x_conf.h(27): error:  #5: cannot open source input file "stm32f10x_adc.h": No such file or directory
compiling timer.c...
..\Source\stm32f10x_conf.h(27): error:  #5: cannot open source input file "stm32f10x_adc.h": No such file or directory
compiling usart1.c...
..\Source\stm32f10x_conf.h(27): error:  #5: cannot open source input file "stm32f10x_adc.h": No such file or directory
compiling usart2.c...
..\Source\stm32f10x_conf.h(27): error:  #5: cannot open source input file "stm32f10x_adc.h": No such file or directory
compiling usart3.c...
..\Source\stm32f10x_conf.h(27): error:  #5: cannot open source input file "stm32f10x_adc.h": No such file or directory
compiling misc.c...
..\FWlib\src\misc.c(22): error:  #5: cannot open source input file "misc.h": No such file or directory
compiling stm32f10x_exti.c...
..\FWlib\src\stm32f10x_exti.c(22): error:  #5: cannot open source input file "stm32f10x_exti.h": No such file or directory
compiling stm32f10x_flash.c...
..\FWlib\src\stm32f10x_flash.c(22): error:  #5: cannot open source input file "stm32f10x_flash.h": No such file or directory
compiling stm32f10x_gpio.c...
..\FWlib\src\stm32f10x_gpio.c(22): error:  #5: cannot open source input file "stm32f10x_gpio.h": No such file or directory
compiling stm32f10x_pwr.c...
..\FWlib\src\stm32f10x_pwr.c(22): error:  #5: cannot open source input file "stm32f10x_pwr.h": No such file or directory
compiling stm32f10x_rcc.c...
..\FWlib\src\stm32f10x_rcc.c(22): error:  #5: cannot open source input file "stm32f10x_rcc.h": No such file or directory
compiling stm32f10x_rtc.c...
..\FWlib\src\stm32f10x_rtc.c(22): error:  #5: cannot open source input file "stm32f10x_rtc.h": No such file or directory
compiling stm32f10x_spi.c...
..\FWlib\src\stm32f10x_spi.c(22): error:  #5: cannot open source input file "stm32f10x_spi.h": No such file or directory
compiling stm32f10x_tim.c...
..\FWlib\src\stm32f10x_tim.c(22): error:  #5: cannot open source input file "stm32f10x_tim.h": No such file or directory
compiling stm32f10x_usart.c...
..\FWlib\src\stm32f10x_usart.c(22): error:  #5: cannot open source input file "stm32f10x_usart.h": No such file or directory
compiling stm32f10x_bkp.c...
..\FWlib\src\stm32f10x_bkp.c(22): error:  #5: cannot open source input file "stm32f10x_bkp.h": No such file or directory
compiling core_cm3.c...
compiling system_stm32f10x.c...
..\Source\stm32f10x_conf.h(27): error:  #5: cannot open source input file "stm32f10x_adc.h": No such file or directory
Target not created
Build target 'Target 1'
compiling adc.c...
..\Source\stm32f10x_conf.h(34): error:  #5: cannot open source input file "stm32f10x_exti.h": No such file or directory
compiling charge.c...
..\Source\stm32f10x_conf.h(34): error:  #5: cannot open source input file "stm32f10x_exti.h": No such file or directory
compiling config.c...
..\Source\stm32f10x_conf.h(34): error:  #5: cannot open source input file "stm32f10x_exti.h": No such file or directory
compiling exti.c...
..\Source\stm32f10x_conf.h(34): error:  #5: cannot open source input file "stm32f10x_exti.h": No such file or directory
compiling flashwr.c...
..\Source\stm32f10x_conf.h(34): error:  #5: cannot open source input file "stm32f10x_exti.h": No such file or directory
compiling gps.c...
..\Source\stm32f10x_conf.h(34): error:  #5: cannot open source input file "stm32f10x_exti.h": No such file or directory
compiling gps_algorithm.c...
..\Source\stm32f10x_conf.h(34): error:  #5: cannot open source input file "stm32f10x_exti.h": No such file or directory
compiling main.c...
..\Source\stm32f10x_conf.h(34): error:  #5: cannot open source input file "stm32f10x_exti.h": No such file or directory
compiling mkmsg.c...
..\Source\stm32f10x_conf.h(34): error:  #5: cannot open source input file "stm32f10x_exti.h": No such file or directory
compiling msg_slot.c...
..\Source\stm32f10x_conf.h(34): error:  #5: cannot open source input file "stm32f10x_exti.h": No such file or directory
compiling rtc.c...
..\Source\stm32f10x_conf.h(34): error:  #5: cannot open source input file "stm32f10x_exti.h": No such file or directory
compiling SKY72310.c...
..\Source\stm32f10x_conf.h(34): error:  #5: cannot open source input file "stm32f10x_exti.h": No such file or directory
compiling stm32f10x_it.c...
..\Source\stm32f10x_conf.h(34): error:  #5: cannot open source input file "stm32f10x_exti.h": No such file or directory
compiling timer.c...
..\Source\stm32f10x_conf.h(34): error:  #5: cannot open source input file "stm32f10x_exti.h": No such file or directory
compiling usart1.c...
..\Source\stm32f10x_conf.h(34): error:  #5: cannot open source input file "stm32f10x_exti.h": No such file or directory
compiling usart2.c...
..\Source\stm32f10x_conf.h(34): error:  #5: cannot open source input file "stm32f10x_exti.h": No such file or directory
compiling usart3.c...
..\Source\stm32f10x_conf.h(34): error:  #5: cannot open source input file "stm32f10x_exti.h": No such file or directory
compiling misc.c...
..\FWlib\src\misc.c(22): error:  #5: cannot open source input file "misc.h": No such file or directory
compiling stm32f10x_exti.c...
..\FWlib\src\stm32f10x_exti.c(22): error:  #5: cannot open source input file "stm32f10x_exti.h": No such file or directory
compiling stm32f10x_flash.c...
..\FWlib\src\stm32f10x_flash.c(22): error:  #5: cannot open source input file "stm32f10x_flash.h": No such file or directory
compiling stm32f10x_gpio.c...
..\FWlib\src\stm32f10x_gpio.c(22): error:  #5: cannot open source input file "stm32f10x_gpio.h": No such file or directory
compiling stm32f10x_pwr.c...
..\FWlib\src\stm32f10x_pwr.c(22): error:  #5: cannot open source input file "stm32f10x_pwr.h": No such file or directory
compiling stm32f10x_rcc.c...
..\FWlib\src\stm32f10x_rcc.c(22): error:  #5: cannot open source input file "stm32f10x_rcc.h": No such file or directory
compiling stm32f10x_rtc.c...
..\FWlib\src\stm32f10x_rtc.c(22): error:  #5: cannot open source input file "stm32f10x_rtc.h": No such file or directory
compiling stm32f10x_spi.c...
..\FWlib\src\stm32f10x_spi.c(22): error:  #5: cannot open source input file "stm32f10x_spi.h": No such file or directory
compiling stm32f10x_tim.c...
..\FWlib\src\stm32f10x_tim.c(22): error:  #5: cannot open source input file "stm32f10x_tim.h": No such file or directory
compiling stm32f10x_usart.c...
..\FWlib\src\stm32f10x_usart.c(22): error:  #5: cannot open source input file "stm32f10x_usart.h": No such file or directory
compiling stm32f10x_bkp.c...
..\FWlib\src\stm32f10x_bkp.c(22): error:  #5: cannot open source input file "stm32f10x_bkp.h": No such file or directory
compiling system_stm32f10x.c...
..\Source\stm32f10x_conf.h(34): error:  #5: cannot open source input file "stm32f10x_exti.h": No such file or directory
Target not created
Build target 'Target 1'
compiling adc.c...
..\Source\stm32f10x_conf.h(34): error:  #5: cannot open source input file "stm32f10x_exti.h": No such file or directory
compiling charge.c...
..\Source\stm32f10x_conf.h(34): error:  #5: cannot open source input file "stm32f10x_exti.h": No such file or directory
compiling config.c...
..\Source\stm32f10x_conf.h(34): error:  #5: cannot open source input file "stm32f10x_exti.h": No such file or directory
compiling exti.c...
..\Source\stm32f10x_conf.h(34): error:  #5: cannot open source input file "stm32f10x_exti.h": No such file or directory
compiling flashwr.c...
..\Source\stm32f10x_conf.h(34): error:  #5: cannot open source input file "stm32f10x_exti.h": No such file or directory
compiling gps.c...
..\Source\stm32f10x_conf.h(34): error:  #5: cannot open source input file "stm32f10x_exti.h": No such file or directory
compiling gps_algorithm.c...
..\Source\stm32f10x_conf.h(34): error:  #5: cannot open source input file "stm32f10x_exti.h": No such file or directory
compiling main.c...
..\Source\stm32f10x_conf.h(34): error:  #5: cannot open source input file "stm32f10x_exti.h": No such file or directory
compiling mkmsg.c...
..\Source\stm32f10x_conf.h(34): error:  #5: cannot open source input file "stm32f10x_exti.h": No such file or directory
compiling msg_slot.c...
..\Source\stm32f10x_conf.h(34): error:  #5: cannot open source input file "stm32f10x_exti.h": No such file or directory
compiling rtc.c...
..\Source\stm32f10x_conf.h(34): error:  #5: cannot open source input file "stm32f10x_exti.h": No such file or directory
compiling SKY72310.c...
..\Source\stm32f10x_conf.h(34): error:  #5: cannot open source input file "stm32f10x_exti.h": No such file or directory
compiling stm32f10x_it.c...
..\Source\stm32f10x_conf.h(34): error:  #5: cannot open source input file "stm32f10x_exti.h": No such file or directory
compiling timer.c...
..\Source\stm32f10x_conf.h(34): error:  #5: cannot open source input file "stm32f10x_exti.h": No such file or directory
compiling usart1.c...
..\Source\stm32f10x_conf.h(34): error:  #5: cannot open source input file "stm32f10x_exti.h": No such file or directory
compiling usart2.c...
..\Source\stm32f10x_conf.h(34): error:  #5: cannot open source input file "stm32f10x_exti.h": No such file or directory
compiling usart3.c...
..\Source\stm32f10x_conf.h(34): error:  #5: cannot open source input file "stm32f10x_exti.h": No such file or directory
compiling misc.c...
..\FWlib\src\misc.c(22): error:  #5: cannot open source input file "misc.h": No such file or directory
compiling stm32f10x_exti.c...
..\FWlib\src\stm32f10x_exti.c(22): error:  #5: cannot open source input file "stm32f10x_exti.h": No such file or directory
compiling stm32f10x_flash.c...
..\FWlib\src\stm32f10x_flash.c(22): error:  #5: cannot open source input file "stm32f10x_flash.h": No such file or directory
compiling stm32f10x_gpio.c...
..\FWlib\src\stm32f10x_gpio.c(22): error:  #5: cannot open source input file "stm32f10x_gpio.h": No such file or directory
compiling stm32f10x_pwr.c...
..\FWlib\src\stm32f10x_pwr.c(22): error:  #5: cannot open source input file "stm32f10x_pwr.h": No such file or directory
compiling stm32f10x_rcc.c...
..\FWlib\src\stm32f10x_rcc.c(22): error:  #5: cannot open source input file "stm32f10x_rcc.h": No such file or directory
compiling stm32f10x_rtc.c...
..\FWlib\src\stm32f10x_rtc.c(22): error:  #5: cannot open source input file "stm32f10x_rtc.h": No such file or directory
compiling stm32f10x_spi.c...
..\FWlib\src\stm32f10x_spi.c(22): error:  #5: cannot open source input file "stm32f10x_spi.h": No such file or directory
Project build/rebuild aborted.
Target not created
Build target 'Target 1'
compiling adc.c...
..\Source\stm32f10x_conf.h(34): error:  #5: cannot open source input file "stm32f10x_exti.h": No such file or directory
compiling charge.c...
..\Source\stm32f10x_conf.h(34): error:  #5: cannot open source input file "stm32f10x_exti.h": No such file or directory
compiling config.c...
..\Source\stm32f10x_conf.h(34): error:  #5: cannot open source input file "stm32f10x_exti.h": No such file or directory
compiling exti.c...
..\Source\stm32f10x_conf.h(34): error:  #5: cannot open source input file "stm32f10x_exti.h": No such file or directory
compiling flashwr.c...
..\Source\stm32f10x_conf.h(34): error:  #5: cannot open source input file "stm32f10x_exti.h": No such file or directory
compiling gps.c...
..\Source\stm32f10x_conf.h(34): error:  #5: cannot open source input file "stm32f10x_exti.h": No such file or directory
compiling gps_algorithm.c...
..\Source\stm32f10x_conf.h(34): error:  #5: cannot open source input file "stm32f10x_exti.h": No such file or directory
compiling main.c...
..\Source\stm32f10x_conf.h(34): error:  #5: cannot open source input file "stm32f10x_exti.h": No such file or directory
compiling mkmsg.c...
..\Source\stm32f10x_conf.h(34): error:  #5: cannot open source input file "stm32f10x_exti.h": No such file or directory
compiling msg_slot.c...
..\Source\stm32f10x_conf.h(34): error:  #5: cannot open source input file "stm32f10x_exti.h": No such file or directory
compiling rtc.c...
..\Source\stm32f10x_conf.h(34): error:  #5: cannot open source input file "stm32f10x_exti.h": No such file or directory
compiling SKY72310.c...
..\Source\stm32f10x_conf.h(34): error:  #5: cannot open source input file "stm32f10x_exti.h": No such file or directory
compiling stm32f10x_it.c...
..\Source\stm32f10x_conf.h(34): error:  #5: cannot open source input file "stm32f10x_exti.h": No such file or directory
compiling timer.c...
..\Source\stm32f10x_conf.h(34): error:  #5: cannot open source input file "stm32f10x_exti.h": No such file or directory
compiling usart1.c...
..\Source\stm32f10x_conf.h(34): error:  #5: cannot open source input file "stm32f10x_exti.h": No such file or directory
compiling usart2.c...
..\Source\stm32f10x_conf.h(34): error:  #5: cannot open source input file "stm32f10x_exti.h": No such file or directory
compiling usart3.c...
..\Source\stm32f10x_conf.h(34): error:  #5: cannot open source input file "stm32f10x_exti.h": No such file or directory
compiling misc.c...
..\FWlib\src\misc.c(22): error:  #5: cannot open source input file "misc.h": No such file or directory
compiling stm32f10x_exti.c...
..\FWlib\src\stm32f10x_exti.c(22): error:  #5: cannot open source input file "stm32f10x_exti.h": No such file or directory
compiling stm32f10x_flash.c...
..\FWlib\src\stm32f10x_flash.c(22): error:  #5: cannot open source input file "stm32f10x_flash.h": No such file or directory
compiling stm32f10x_gpio.c...
..\FWlib\src\stm32f10x_gpio.c(22): error:  #5: cannot open source input file "stm32f10x_gpio.h": No such file or directory
compiling stm32f10x_pwr.c...
..\FWlib\src\stm32f10x_pwr.c(22): error:  #5: cannot open source input file "stm32f10x_pwr.h": No such file or directory
compiling stm32f10x_rcc.c...
..\FWlib\src\stm32f10x_rcc.c(22): error:  #5: cannot open source input file "stm32f10x_rcc.h": No such file or directory
compiling stm32f10x_rtc.c...
..\FWlib\src\stm32f10x_rtc.c(22): error:  #5: cannot open source input file "stm32f10x_rtc.h": No such file or directory
compiling stm32f10x_spi.c...
..\FWlib\src\stm32f10x_spi.c(22): error:  #5: cannot open source input file "stm32f10x_spi.h": No such file or directory
compiling stm32f10x_tim.c...
..\FWlib\src\stm32f10x_tim.c(22): error:  #5: cannot open source input file "stm32f10x_tim.h": No such file or directory
compiling stm32f10x_usart.c...
..\FWlib\src\stm32f10x_usart.c(22): error:  #5: cannot open source input file "stm32f10x_usart.h": No such file or directory
compiling stm32f10x_bkp.c...
..\FWlib\src\stm32f10x_bkp.c(22): error:  #5: cannot open source input file "stm32f10x_bkp.h": No such file or directory
compiling core_cm3.c...
compiling system_stm32f10x.c...
..\Source\stm32f10x_conf.h(34): error:  #5: cannot open source input file "stm32f10x_exti.h": No such file or directory
Target not created
Build target 'Target 1'
compiling adc.c...
..\Source\adc.c(4): error:  #5: cannot open source input file "SPI_NRF.h": No such file or directory
compiling charge.c...
compiling config.c...
compiling exti.c...
compiling flashwr.c...
compiling gps.c...
compiling gps_algorithm.c...
compiling main.c...
compiling mkmsg.c...
compiling msg_slot.c...
compiling rtc.c...
compiling SKY72310.c...
compiling stm32f10x_it.c...
compiling timer.c...
compiling usart1.c...
compiling usart2.c...
compiling usart3.c...
compiling misc.c...
compiling stm32f10x_exti.c...
compiling stm32f10x_flash.c...
compiling stm32f10x_gpio.c...
compiling stm32f10x_pwr.c...
compiling stm32f10x_rcc.c...
compiling stm32f10x_rtc.c...
compiling stm32f10x_spi.c...
compiling stm32f10x_tim.c...
compiling stm32f10x_usart.c...
compiling stm32f10x_bkp.c...
compiling core_cm3.c...
compiling system_stm32f10x.c...
Target not created
Build target 'Target 1'
linking...
..\Output\AIS_AtoN.axf: error: L6031U: Could not open scatter description file ..\Output\AIS_AtoN.sct: No such file or directory
Target not created
Build target 'Target 1'
linking...
Program Size: Code=26260 RO-data=268 RW-data=440 ZI-data=3848  
FromELF: creating hex file...
"..\Output\AIS_AtoN.axf" - 0 Error(s), 0 Warning(s).
Rebuild target 'Target 1'
assembling startup_stm32f10x_md.s...
compiling charge.c...
compiling config.c...
compiling exti.c...
compiling flashwr.c...
compiling gps.c...
compiling gps_algorithm.c...
compiling main.c...
compiling mkmsg.c...
compiling msg_slot.c...
compiling rtc.c...
compiling SKY72310.c...
compiling stm32f10x_it.c...
compiling timer.c...
compiling usart1.c...
compiling usart2.c...
compiling usart3.c...
compiling misc.c...
compiling stm32f10x_exti.c...
compiling stm32f10x_flash.c...
compiling stm32f10x_gpio.c...
compiling stm32f10x_pwr.c...
compiling stm32f10x_rcc.c...
compiling stm32f10x_rtc.c...
compiling stm32f10x_spi.c...
compiling stm32f10x_tim.c...
compiling stm32f10x_usart.c...
compiling stm32f10x_bkp.c...
compiling core_cm3.c...
compiling system_stm32f10x.c...
linking...
Program Size: Code=26260 RO-data=268 RW-data=440 ZI-data=3848  
FromELF: creating hex file...
"..\Output\AIS_AtoN.axf" - 0 Error(s), 0 Warning(s).
